// Jest Snapshot v1, https://goo.gl/fbAQLP

exports[`App component renders App 1`] = `
<DocumentFragment>
  <h1>
    WELCOME TO MOOD MUSIC
  </h1>
  <button>
    Login To Spotify
  </button>
</DocumentFragment>
`;
